[thecopenhagenbook.com/index.html]
[backblue.gif]
[fade.gif]
[index.html]
[thecopenhagenbook.com/javascript.css]
[thecopenhagenbook.com/json.css]
[thecopenhagenbook.com/main.css]
[thecopenhagenbook.com/markdown.css]
[thecopenhagenbook.com/typescript.css]
[thecopenhagenbook.com/server-side-tokens.html]
[thecopenhagenbook.com/sessions.html]
[thecopenhagenbook.com/password-authentication.html]
[thecopenhagenbook.com/email-verification.html]
[thecopenhagenbook.com/password-reset.html]
[thecopenhagenbook.com/random-values.html]
[thecopenhagenbook.com/oauth.html]
[thecopenhagenbook.com/mfa.html]
[thecopenhagenbook.com/webauthn.html]
[thecopenhagenbook.com/csrf.html]
[thecopenhagenbook.com/open-redirect.html]
[thecopenhagenbook.com/cryptography/ecdsa.html]
[thecopenhagenbook.com/index.html]
[thecopenhagenbook.com/javascript.css]
[thecopenhagenbook.com/json.css]
[thecopenhagenbook.com/main.css]
[thecopenhagenbook.com/markdown.css]
[thecopenhagenbook.com/typescript.css]
[thecopenhagenbook.com/server-side-tokens.html]
[thecopenhagenbook.com/sessions.html]
[thecopenhagenbook.com/password-authentication.html]
[thecopenhagenbook.com/cdn-cgi/scripts/5c5dd728/cloudflare-static/email-decode.min.js]
[thecopenhagenbook.com/email-verification.html]
[thecopenhagenbook.com/password-reset.html]
[thecopenhagenbook.com/random-values.html]
[thecopenhagenbook.com/oauth.html]
[thecopenhagenbook.com/mfa.html]
[thecopenhagenbook.com/webauthn.html]
[thecopenhagenbook.com/csrf.html]
[thecopenhagenbook.com/open-redirect.html]
[thecopenhagenbook.com/cryptography/ecdsa.html]
[thecopenhagenbook.com/cdn-cgi/l/email-protection.html]
